app/settings/page.tsx(24,12): error TS1002: Unterminated string literal.
app/settings/page.tsx(25,5): error TS1005: ',' expected.
app/settings/page.tsx(25,12): error TS1002: Unterminated string literal.
app/settings/page.tsx(26,5): error TS1005: ',' expected.
app/settings/page.tsx(26,12): error TS1002: Unterminated string literal.
app/settings/page.tsx(27,5): error TS1005: ',' expected.
app/settings/page.tsx(27,12): error TS1002: Unterminated string literal.
app/settings/page.tsx(28,5): error TS1005: ',' expected.
app/settings/page.tsx(28,12): error TS1002: Unterminated string literal.
app/settings/page.tsx(29,5): error TS1005: ',' expected.
app/settings/page.tsx(29,12): error TS1002: Unterminated string literal.
app/settings/page.tsx(30,5): error TS1005: ',' expected.
app/settings/page.tsx(30,12): error TS1002: Unterminated string literal.
app/settings/page.tsx(31,5): error TS1005: ',' expected.
app/settings/page.tsx(31,12): error TS1002: Unterminated string literal.
app/settings/page.tsx(160,10): error TS17008: JSX element 'GlassCard' has no corresponding closing tag.
app/settings/page.tsx(170,14): error TS17008: JSX element 'div' has no corresponding closing tag.
app/settings/page.tsx(172,18): error TS17008: JSX element 'div' has no corresponding closing tag.
app/settings/page.tsx(181,22): error TS17008: JSX element 'div' has no corresponding closing tag.
app/settings/page.tsx(184,26): error TS17008: JSX element 'div' has no corresponding closing tag.
app/settings/page.tsx(191,81): error TS1003: Identifier expected.
app/settings/page.tsx(191,174): error TS1382: Unexpected token. Did you mean `{'>'}` or `&gt;`?
app/settings/page.tsx(206,81): error TS1003: Identifier expected.
app/settings/page.tsx(206,174): error TS1382: Unexpected token. Did you mean `{'>'}` or `&gt;`?
app/settings/page.tsx(221,18): error TS17008: JSX element 'div' has no corresponding closing tag.
app/settings/page.tsx(227,22): error TS17008: JSX element 'div' has no corresponding closing tag.
app/settings/page.tsx(236,81): error TS1003: Identifier expected.
app/settings/page.tsx(236,188): error TS1382: Unexpected token. Did you mean `{'>'}` or `&gt;`?
app/settings/page.tsx(254,40): error TS1003: Identifier expected.
app/settings/page.tsx(254,41): error TS1382: Unexpected token. Did you mean `{'>'}` or `&gt;`?
app/settings/page.tsx(254,42): error TS1002: Unterminated string literal.
app/settings/page.tsx(307,11): error TS17002: Expected corresponding JSX closing tag for 'div'.
app/settings/page.tsx(309,37): error TS1382: Unexpected token. Did you mean `{'>'}` or `&gt;`?
app/settings/page.tsx(363,34): error TS1382: Unexpected token. Did you mean `{'>'}` or `&gt;`?
app/settings/page.tsx(463,1): error TS1381: Unexpected token. Did you mean `{'}'}` or `&rbrace;`?
app/settings/page.tsx(464,1): error TS1005: '</' expected.
